MPASM  5.43                          MAIN.ASM   7-8-2026  4:28:52         PAGE  1


LOC  OBJECT CODE     LINE SOURCE TEXT
  VALUE

                      00001 ;===========================================================================
                      00002 ; Two-Player Reaction Time Matching Game - PIC16F877A
                      00003 ;===========================================================================
                      00004 ; PIN MAP / HARDWARE CONNECTIONS
                      00005 ;---------------------------------------------------------------------------
                      00006 ; LCD (16x2, 4-bit mode)        : RS=RD0, EN=RD1, D4-D7=RD2-RD5  (unchanged)
                      00007 ;
                      00008 ; Push buttons (each: pin->GND when pressed, +5V through 10K to pin when idle)
                      00009 ;   Master button (Judge)       : RB0
                      00010 ;   Player 1 button              : RB1
                      00011 ;   Player 2 button              : RB2
                      00012 ;
                      00013 ; Indicator LEDs (each: pin -> 220ohm resistor -> LED -> GND)
                      00014 ;   Player 1 LED                : RA0
                      00015 ;   Player 2 LED                : RA1
                      00016 ;
                      00017 ; 7-segment displays (TWO 4-digit common-ANODE modules, multiplexed)
                      00018 ;   Segments a-g                : RC0-RC6  -> 220ohm resistors -> shared
                      00019 ;                                  segment bus on BOTH displays (a-a,b-b,...)
                      00020 ;   Decimal point (DP)          : RC7      -> 220ohm resistor -> shared DP bus
                      00021 ;   Digit select address        : RE0,RE1,RE2 -> inputs A,B,C of a 74LS138
                      00022 ;                                  3-to-8 decoder (G1 tied to +5V, G2A/G2B
                      00023 ;                                  tied to GND so it is always enabled)
                      00024 ;   74LS138 outputs Y0-Y7 (active LOW) -> each through a base resistor
                      00025 ;                                  (~2.2K) to a PNP transistor (2N3906):
                      00026 ;                                    emitter  -> +5V
                      00027 ;                                    collector-> common-anode pin of ONE digit
                      00028 ;                                  Y0-Y3 -> Player 1 display digits 1-4
                      00029 ;                                  Y4-Y7 -> Player 2 display digits 1-4
                      00030 ;                                  (digit 1 = leftmost/leading zero,
                      00031 ;                                   digit 3 = "ones" digit, carries the DP)
                      00032 ;
                      00033 ; Oscillator: 4MHz crystal + 2x15pF caps (already in your schematic)
                      00034 ; MCLR: 10K pull-up to +5V (already in your schematic)
                      00035 ; ADCON1 is set to 0x07 so RA0/RA1/RE0-RE2 are configured as DIGITAL I/O
                      00036 ; (they default to analog inputs on this chip, so this step is required!)
                      00037 ;---------------------------------------------------------------------------
                      00038 ; GAME FLOW
                      00039 ;   1. Press master button  -> random target (0-60s) generated & shown on LCD
                      00040 ;   2. Both LEDs turn ON for 1s ("get set"), then OFF = GO signal
                      00041 ;   3. Both player displays count 00.0 -> up in tenths of a second
                      00042 ;   4. Each player presses their button to stop their own timer
                      00043 ;      (if a player never presses, their timer auto-stops at 60.0s)
                      00044 ;   5. Winner = whichever player's stopped time is closest to the target
                      00045 ;      (ties: nobody scores, LEDs stay off)
                      00046 ;   6. Winner's LED blinks 3x (0.25s on / 0.25s off), score is updated,
                      00047 ;      score shown on LCD line 2
                      00048 ;   7. First to 5 points -> "Wins the Game!" shown, press master to restart
                      00049 ;===========================================================================
                      00050 
                      00051     LIST P=16F877A
                      00052     #INCLUDE <P16F877A.INC>
                      00001         LIST
MPASM  5.43                          MAIN.ASM   7-8-2026  4:28:52         PAGE  2


LOC  OBJECT CODE     LINE SOURCE TEXT
  VALUE

                      00002 ; P16F877A.INC  Standard Header File, Version 1.00    Microchip Technology, Inc.
                      00398         LIST
                      00053 
2007   3F39           00054     __CONFIG _XT_OSC & _WDT_OFF & _PWRTE_OFF & _BODEN_OFF & _LVP_OFF
                      00055 
                      00056     CBLOCK 0x20
  00000020            00057         DELAY1
  00000021            00058         DELAY2
  00000022            00059         DELAY3
  00000023            00060         INDEX           ; general loop counter / scratch
  00000024            00061         TEMP            ; byte being sent to the LCD / scratch digit value
  00000025            00062         RANDNUM         ; random target time, 0-60 (whole seconds)
  00000026            00063         TENS            ; tens digit of RANDNUM (for LCD display)
  00000027            00064         ONES            ; ones digit of RANDNUM (for LCD display)
                      00065 
  00000028            00066         SCORE1          ; Player 1 score (0-5)
  00000029            00067         SCORE2          ; Player 2 score (0-5)
                      00068 
  0000002A            00069         P1_SEC          ; Player 1 elapsed whole seconds (0-60)
  0000002B            00070         P1_TENTH        ; Player 1 elapsed tenths (0-9)
  0000002C            00071         P2_SEC          ; Player 2 elapsed whole seconds (0-60)
  0000002D            00072         P2_TENTH        ; Player 2 elapsed tenths (0-9)
                      00073 
  0000002E            00074         FLAGS           ; bit0=P1_DONE, bit1=P2_DONE, bit7=DP_ON(scratch)
  0000002F            00075         DIGIT_SEL       ; which of the 8 multiplexed digits is lit (0-7)
  00000030            00076         SCANCOUNT       ; counts refresh passes to time each 0.1s tick
                      00077 
  00000031            00078         TARGETL         ; target time in tenths of a second (16-bit), low
  00000032            00079         TARGETH         ; target time in tenths of a second (16-bit), high
  00000033            00080         P1L, P1H        ; Player 1 total time in tenths (16-bit)
  00000035            00081         P2L, P2H        ; Player 2 total time in tenths (16-bit)
  00000037            00082         D1L, D1H        ; |target - P1| in tenths (16-bit)
  00000039            00083         D2L, D2H        ; |target - P2| in tenths (16-bit)
                      00084 
  0000003B            00085         AL, AH          ; generic 16-bit subtract operand A
  0000003D            00086         BL, BH          ; generic 16-bit subtract operand B
  0000003F            00087         RL, RH          ; generic 16-bit subtract result
                      00088 
  00000041            00089         MTEMPL, MTEMPH  ; scratch 16-bit accumulator (Mult10)
  00000043            00090         MULTMP          ; scratch byte (Mult10 / SegTable / Div10 / Mod10)
  00000044            00091         SEGTEMP         ; final segment pattern about to be sent to PORTC
  00000045            00092         WINNER          ; 0 = tie, 1 = Player1, 2 = Player2
                      00093     ENDC
                      00094 
0000                  00095     ORG 0x00
0000   2801           00096     GOTO START
                      00097 
                      00098 ;===========================================
                      00099 ; Main program
                      00100 ;===========================================
0001                  00101 START:
0001   1683 1303      00102     BANKSEL TRISD
Message[302]: Register in operand not in bank 0.  Ensure that bank bits are correct.
MPASM  5.43                          MAIN.ASM   7-8-2026  4:28:52         PAGE  3


LOC  OBJECT CODE     LINE SOURCE TEXT
  VALUE

0003   0188           00103     CLRF TRISD            ; Port D as output (LCD)
                      00104 
0004   1683 1303      00105     BANKSEL TRISB
Message[302]: Register in operand not in bank 0.  Ensure that bank bits are correct.
0006   1406           00106     BSF TRISB, 0           ; RB0 = master button input
Message[302]: Register in operand not in bank 0.  Ensure that bank bits are correct.
0007   1486           00107     BSF TRISB, 1           ; RB1 = Player 1 button input
Message[302]: Register in operand not in bank 0.  Ensure that bank bits are correct.
0008   1506           00108     BSF TRISB, 2           ; RB2 = Player 2 button input
                      00109 
0009   1683 1303      00110     BANKSEL TRISA
Message[302]: Register in operand not in bank 0.  Ensure that bank bits are correct.
000B   1005           00111     BCF TRISA, 0           ; RA0 = Player 1 LED output
Message[302]: Register in operand not in bank 0.  Ensure that bank bits are correct.
000C   1085           00112     BCF TRISA, 1           ; RA1 = Player 2 LED output
                      00113 
000D   1683 1303      00114     BANKSEL TRISC
Message[302]: Register in operand not in bank 0.  Ensure that bank bits are correct.
000F   0187           00115     CLRF TRISC             ; RC0-RC7 = 7-seg segments + DP, all outputs
                      00116 
0010   1683 1303      00117     BANKSEL TRISE
Message[302]: Register in operand not in bank 0.  Ensure that bank bits are correct.
0012   1009           00118     BCF TRISE, 0           ; RE0 = decoder address bit A
Message[302]: Register in operand not in bank 0.  Ensure that bank bits are correct.
0013   1089           00119     BCF TRISE, 1           ; RE1 = decoder address bit B
Message[302]: Register in operand not in bank 0.  Ensure that bank bits are correct.
0014   1109           00120     BCF TRISE, 2           ; RE2 = decoder address bit C
                      00121 
0015   1683 1303      00122     BANKSEL ADCON1
0017   3007           00123     MOVLW 0x07             ; all AN pins -> digital I/O (no analog needed)
Message[302]: Register in operand not in bank 0.  Ensure that bank bits are correct.
0018   009F           00124     MOVWF ADCON1
                      00125 
0019   1683 1303      00126     BANKSEL OPTION_REG
001B   3088           00127     MOVLW 0x88             ; RBPU'=1 (external 10K pull-ups used instead),
                      00128                             ; T0CS=0 (internal clock), PSA=1 (no prescaler)
Message[302]: Register in operand not in bank 0.  Ensure that bank bits are correct.
001C   0081           00129     MOVWF OPTION_REG
                      00130 
001D   1283 1303      00131     BANKSEL PORTD           ; <-- back to Bank 0 for everything below
001F   0188           00132     CLRF PORTD
0020   0185           00133     CLRF PORTA
0021   0187           00134     CLRF PORTC
0022   0189           00135     CLRF PORTE
0023   0181           00136     CLRF TMR0               ; Timer0 starts free-running from 0
0024   01A8           00137     CLRF SCORE1
0025   01A9           00138     CLRF SCORE2
                      00139 
0026   227F           00140     CALL LCD_Init
0027   21EC           00141     CALL Print_Ready
                      00142 
                      00143 ;===========================================
                      00144 ; GameLoop - one full round per pass
MPASM  5.43                          MAIN.ASM   7-8-2026  4:28:52         PAGE  4


LOC  OBJECT CODE     LINE SOURCE TEXT
  VALUE

                      00145 ;===========================================
0028                  00146 GameLoop:
0028   20DB           00147     CALL WaitMasterPress    ; block here until judge presses & releases RB0
                      00148 
0029   20E6           00149     CALL Generate_Random    ; RANDNUM = 0-60 (whole seconds)
002A   21B6           00150     CALL Display_Target     ; LCD line1: "Target: XX sec"
002B   20EF           00151     CALL Calc_TargetTenths  ; TARGETL/H = RANDNUM * 10
                      00152 
002C   1283 1303      00153     BANKSEL PORTA
002E   1005           00154     BCF PORTA, 0            ; LEDs off during "ready" moment
002F   1085           00155     BCF PORTA, 1
0030   30C8           00156     MOVLW .200
0031   2305           00157     CALL Delay_ms           ; brief pause so players can get set
                      00158 
0032   1405           00159     BSF PORTA, 0            ; LEDs ON for ~1 second ("get set")
0033   1485           00160     BSF PORTA, 1
0034   30FA           00161     MOVLW .250
0035   2305           00162     CALL Delay_ms
0036   30FA           00163     MOVLW .250
0037   2305           00164     CALL Delay_ms
0038   30FA           00165     MOVLW .250
0039   2305           00166     CALL Delay_ms
003A   30FA           00167     MOVLW .250
003B   2305           00168     CALL Delay_ms
003C   1005           00169     BCF PORTA, 0            ; LEDs OFF = GO signal
003D   1085           00170     BCF PORTA, 1
                      00171 
                      00172     ; ---- reset per-round player state ----
003E   01AA           00173     CLRF P1_SEC
003F   01AB           00174     CLRF P1_TENTH
0040   01AC           00175     CLRF P2_SEC
0041   01AD           00176     CLRF P2_TENTH
0042   01AE           00177     CLRF FLAGS
0043   01AF           00178     CLRF DIGIT_SEL
0044   01B0           00179     CLRF SCANCOUNT
                      00180 
                      00181 ;===========================================
                      00182 ; CountLoop - runs the multiplexed displays,
                      00183 ; polls both player buttons, and advances
                      00184 ; each player's timer roughly every 0.1s
                      00185 ;===========================================
0045                  00186 CountLoop:
0045   2149           00187     CALL Refresh_Digit
0046   3002           00188     MOVLW .2
0047   2305           00189     CALL Delay_ms           ; ~2ms per digit -> ~16ms/8-digit cycle (no flicker)
                      00190 
0048   0AAF           00191     INCF DIGIT_SEL, F
0049   082F           00192     MOVF DIGIT_SEL, W
004A   3A08           00193     XORLW .8
004B   1D03           00194     BTFSS STATUS, Z
004C   284E           00195     GOTO SkipWrap
004D   01AF           00196     CLRF DIGIT_SEL
004E                  00197 SkipWrap:
MPASM  5.43                          MAIN.ASM   7-8-2026  4:28:52         PAGE  5


LOC  OBJECT CODE     LINE SOURCE TEXT
  VALUE

                      00198 
                      00199     ; ---- Player 1 button (only if not already stopped) ----
004E   182E           00200     BTFSC FLAGS, 0
004F   2855           00201     GOTO CheckP2Btn
0050   1283 1303      00202     BANKSEL PORTB
0052   1886           00203     BTFSC PORTB, 1
0053   2855           00204     GOTO CheckP2Btn
0054   142E           00205     BSF FLAGS, 0
                      00206 
0055                  00207 CheckP2Btn:
0055   18AE           00208     BTFSC FLAGS, 1
0056   285C           00209     GOTO TickTimers
0057   1283 1303      00210     BANKSEL PORTB
0059   1906           00211     BTFSC PORTB, 2
005A   285C           00212     GOTO TickTimers
005B   14AE           00213     BSF FLAGS, 1
                      00214 
005C                  00215 TickTimers:
005C   0AB0           00216     INCF SCANCOUNT, F
005D   0830           00217     MOVF SCANCOUNT, W
005E   3A32           00218     XORLW .50               ; ~50 passes x ~2ms =~ 0.1s per tick
005F   1D03           00219     BTFSS STATUS, Z
0060   2868           00220     GOTO CheckBothDone
0061   01B0           00221     CLRF SCANCOUNT
                      00222 
0062   182E           00223     BTFSC FLAGS, 0
0063   2865           00224     GOTO Tick_P2
0064   206E           00225     CALL Increment_P1
0065                  00226 Tick_P2:
0065   18AE           00227     BTFSC FLAGS, 1
0066   2868           00228     GOTO CheckBothDone
0067   207E           00229     CALL Increment_P2
                      00230 
0068                  00231 CheckBothDone:
0068   082E           00232     MOVF FLAGS, W
0069   3903           00233     ANDLW 0x03
006A   3A03           00234     XORLW 0x03
006B   1D03           00235     BTFSS STATUS, Z
006C   2845           00236     GOTO CountLoop
006D   288E           00237     GOTO RoundResolve
                      00238 
                      00239 ;===========================================
                      00240 ; Increment_P1 / Increment_P2
                      00241 ; advance one player's SEC/TENTH by 0.1s;
                      00242 ; auto-stop (mark done) if 60.0s is reached
                      00243 ; (edge case: player never pressed button)
                      00244 ;===========================================
006E                  00245 Increment_P1:
006E   0AAB           00246     INCF P1_TENTH, F
006F   082B           00247     MOVF P1_TENTH, W
0070   3A0A           00248     XORLW .10
0071   1D03           00249     BTFSS STATUS, Z
0072   0008           00250     RETURN
MPASM  5.43                          MAIN.ASM   7-8-2026  4:28:52         PAGE  6


LOC  OBJECT CODE     LINE SOURCE TEXT
  VALUE

0073   01AB           00251     CLRF P1_TENTH
0074   0AAA           00252     INCF P1_SEC, F
0075   082A           00253     MOVF P1_SEC, W
0076   3A3D           00254     XORLW .61
0077   1D03           00255     BTFSS STATUS, Z
0078   0008           00256     RETURN
0079   303C           00257     MOVLW .60
007A   00AA           00258     MOVWF P1_SEC
007B   01AB           00259     CLRF P1_TENTH
007C   142E           00260     BSF FLAGS, 0
007D   0008           00261     RETURN
                      00262 
007E                  00263 Increment_P2:
007E   0AAD           00264     INCF P2_TENTH, F
007F   082D           00265     MOVF P2_TENTH, W
0080   3A0A           00266     XORLW .10
0081   1D03           00267     BTFSS STATUS, Z
0082   0008           00268     RETURN
0083   01AD           00269     CLRF P2_TENTH
0084   0AAC           00270     INCF P2_SEC, F
0085   082C           00271     MOVF P2_SEC, W
0086   3A3D           00272     XORLW .61
0087   1D03           00273     BTFSS STATUS, Z
0088   0008           00274     RETURN
0089   303C           00275     MOVLW .60
008A   00AC           00276     MOVWF P2_SEC
008B   01AD           00277     CLRF P2_TENTH
008C   14AE           00278     BSF FLAGS, 1
008D   0008           00279     RETURN
                      00280 
                      00281 ;===========================================
                      00282 ; RoundResolve - both players stopped:
                      00283 ; compute deltas, pick winner, blink LED,
                      00284 ; update score, check for game-over
                      00285 ;===========================================
008E                  00286 RoundResolve:
                      00287     ; ---- P1L/P1H = P1_SEC*10 + P1_TENTH ----
008E   082A           00288     MOVF P1_SEC, W
008F   20F6           00289     CALL Mult10
0090   082B           00290     MOVF P1_TENTH, W
0091   07C1           00291     ADDWF MTEMPL, F
0092   1803           00292     BTFSC STATUS, C
0093   0AC2           00293     INCF MTEMPH, F
0094   0841           00294     MOVF MTEMPL, W
0095   00B3           00295     MOVWF P1L
0096   0842           00296     MOVF MTEMPH, W
0097   00B4           00297     MOVWF P1H
                      00298 
                      00299     ; ---- P2L/P2H = P2_SEC*10 + P2_TENTH ----
0098   082C           00300     MOVF P2_SEC, W
0099   20F6           00301     CALL Mult10
009A   082D           00302     MOVF P2_TENTH, W
009B   07C1           00303     ADDWF MTEMPL, F
MPASM  5.43                          MAIN.ASM   7-8-2026  4:28:52         PAGE  7


LOC  OBJECT CODE     LINE SOURCE TEXT
  VALUE

009C   1803           00304     BTFSC STATUS, C
009D   0AC2           00305     INCF MTEMPH, F
009E   0841           00306     MOVF MTEMPL, W
009F   00B5           00307     MOVWF P2L
00A0   0842           00308     MOVF MTEMPH, W
00A1   00B6           00309     MOVWF P2H
                      00310 
                      00311     ; ---- D1 = |TARGET - P1| ----
00A2   0831           00312     MOVF TARGETL, W
00A3   00BB           00313     MOVWF AL
00A4   0832           00314     MOVF TARGETH, W
00A5   00BC           00315     MOVWF AH
00A6   0833           00316     MOVF P1L, W
00A7   00BD           00317     MOVWF BL
00A8   0834           00318     MOVF P1H, W
00A9   00BE           00319     MOVWF BH
00AA   2110           00320     CALL AbsDiff16
00AB   083F           00321     MOVF RL, W
00AC   00B7           00322     MOVWF D1L
00AD   0840           00323     MOVF RH, W
00AE   00B8           00324     MOVWF D1H
                      00325 
                      00326     ; ---- D2 = |TARGET - P2| ----
00AF   0831           00327     MOVF TARGETL, W
00B0   00BB           00328     MOVWF AL
00B1   0832           00329     MOVF TARGETH, W
00B2   00BC           00330     MOVWF AH
00B3   0835           00331     MOVF P2L, W
00B4   00BD           00332     MOVWF BL
00B5   0836           00333     MOVF P2H, W
00B6   00BE           00334     MOVWF BH
00B7   2110           00335     CALL AbsDiff16
00B8   083F           00336     MOVF RL, W
00B9   00B9           00337     MOVWF D2L
00BA   0840           00338     MOVF RH, W
00BB   00BA           00339     MOVWF D2H
                      00340 
00BC   2119           00341     CALL CompareWinner     ; WINNER = 0(tie)/1(P1)/2(P2)
                      00342 
00BD   0845           00343     MOVF WINNER, W
00BE   3A01           00344     XORLW .1
00BF   1D03           00345     BTFSS STATUS, Z
00C0   28C3           00346     GOTO NotP1Win
00C1   212F           00347     CALL Blink_P1
00C2   0AA8           00348     INCF SCORE1, F
00C3                  00349 NotP1Win:
00C3   0845           00350     MOVF WINNER, W
00C4   3A02           00351     XORLW .2
00C5   1D03           00352     BTFSS STATUS, Z
00C6   28C9           00353     GOTO NotP2Win
00C7   213C           00354     CALL Blink_P2
00C8   0AA9           00355     INCF SCORE2, F
00C9                  00356 NotP2Win:
MPASM  5.43                          MAIN.ASM   7-8-2026  4:28:52         PAGE  8


LOC  OBJECT CODE     LINE SOURCE TEXT
  VALUE

                      00357 
00C9   21CB           00358     CALL Display_Score
                      00359 
00CA   0828           00360     MOVF SCORE1, W
00CB   3C05           00361     SUBLW .5
00CC   1903           00362     BTFSC STATUS, Z
00CD   28D3           00363     GOTO GameOver_P1
00CE   0829           00364     MOVF SCORE2, W
00CF   3C05           00365     SUBLW .5
00D0   1903           00366     BTFSC STATUS, Z
00D1   28D5           00367     GOTO GameOver_P2
                      00368 
00D2   2828           00369     GOTO GameLoop
                      00370 
00D3                  00371 GameOver_P1:
00D3   2219           00372     CALL Print_Winner_P1
00D4   28D6           00373     GOTO Restart
00D5                  00374 GameOver_P2:
00D5   223C           00375     CALL Print_Winner_P2
00D6                  00376 Restart:
00D6   20DB           00377     CALL WaitMasterPress
00D7   01A8           00378     CLRF SCORE1
00D8   01A9           00379     CLRF SCORE2
00D9   21EC           00380     CALL Print_Ready
00DA   2828           00381     GOTO GameLoop
                      00382 
                      00383 ;===========================================
                      00384 ; WaitMasterPress - blocks until RB0 is
                      00385 ; pressed (debounced) then released
                      00386 ;===========================================
00DB                  00387 WaitMasterPress:
00DB                  00388 WMP_Wait:
00DB   1283 1303      00389     BANKSEL PORTB
00DD   1806           00390     BTFSC PORTB, 0
00DE   28DB           00391     GOTO WMP_Wait
00DF   3014           00392     MOVLW .20
00E0   2305           00393     CALL Delay_ms
00E1   1806           00394     BTFSC PORTB, 0
00E2   28DB           00395     GOTO WMP_Wait
00E3                  00396 WMP_Release:
00E3   1C06           00397     BTFSS PORTB, 0
00E4   28E3           00398     GOTO WMP_Release
00E5   0008           00399     RETURN
                      00400 
                      00401 ;===========================================
                      00402 ; Generate_Random - reads Timer0, reduces to 0-60
                      00403 ; Result left in RANDNUM
                      00404 ;===========================================
00E6                  00405 Generate_Random:
00E6   0801           00406     MOVF TMR0, W
00E7   00A5           00407     MOVWF RANDNUM
00E8                  00408 ModLoop:
00E8   303D           00409     MOVLW .61
MPASM  5.43                          MAIN.ASM   7-8-2026  4:28:52         PAGE  9


LOC  OBJECT CODE     LINE SOURCE TEXT
  VALUE

00E9   0225           00410     SUBWF RANDNUM, W      ; W = RANDNUM - 61 ; C=1 if RANDNUM >= 61
00EA   1C03           00411     BTFSS STATUS, C
00EB   28EE           00412     GOTO ModDone          ; C=0 -> RANDNUM < 61, already in range
00EC   00A5           00413     MOVWF RANDNUM         ; C=1 -> RANDNUM >= 61, keep the reduced value
00ED   28E8           00414     GOTO ModLoop
00EE                  00415 ModDone:
00EE   0008           00416     RETURN
                      00417 
                      00418 ;===========================================
                      00419 ; Calc_TargetTenths - TARGETL/H = RANDNUM * 10
                      00420 ;===========================================
00EF                  00421 Calc_TargetTenths:
00EF   0825           00422     MOVF RANDNUM, W
00F0   20F6           00423     CALL Mult10
00F1   0841           00424     MOVF MTEMPL, W
00F2   00B1           00425     MOVWF TARGETL
00F3   0842           00426     MOVF MTEMPH, W
00F4   00B2           00427     MOVWF TARGETH
00F5   0008           00428     RETURN
                      00429 
                      00430 ;===========================================
                      00431 ; Mult10 - MTEMPL/MTEMPH (16-bit) = W * 10
                      00432 ;===========================================
00F6                  00433 Mult10:
00F6   00C3           00434     MOVWF MULTMP
00F7   01C1           00435     CLRF MTEMPL
00F8   01C2           00436     CLRF MTEMPH
00F9   300A           00437     MOVLW .10
00FA   00A3           00438     MOVWF INDEX
00FB                  00439 Mult10Loop:
00FB   0843           00440     MOVF MULTMP, W
00FC   07C1           00441     ADDWF MTEMPL, F
00FD   1803           00442     BTFSC STATUS, C
00FE   0AC2           00443     INCF MTEMPH, F
00FF   0BA3           00444     DECFSZ INDEX, F
0100   28FB           00445     GOTO Mult10Loop
0101   0008           00446     RETURN
                      00447 
                      00448 ;===========================================
                      00449 ; Sub16 : (AH:AL) - (BH:BL) -> (RH:RL)
                      00450 ; (two's-complement result if A < B)
                      00451 ;===========================================
0102                  00452 Sub16:
0102   083D           00453     MOVF BL, W
0103   023B           00454     SUBWF AL, W
0104   00BF           00455     MOVWF RL
0105   1C03           00456     BTFSS STATUS, C
0106   290B           00457     GOTO Sub16Borrow
0107   083E           00458     MOVF BH, W
0108   023C           00459     SUBWF AH, W
0109   00C0           00460     MOVWF RH
010A   0008           00461     RETURN
010B                  00462 Sub16Borrow:
MPASM  5.43                          MAIN.ASM   7-8-2026  4:28:52         PAGE 10


LOC  OBJECT CODE     LINE SOURCE TEXT
  VALUE

010B   083E           00463     MOVF BH, W
010C   023C           00464     SUBWF AH, W
010D   00C0           00465     MOVWF RH
010E   03C0           00466     DECF RH, F
010F   0008           00467     RETURN
                      00468 
                      00469 ;===========================================
                      00470 ; AbsDiff16 : (RH:RL) = | (AH:AL) - (BH:BL) |
                      00471 ;===========================================
0110                  00472 AbsDiff16:
0110   2102           00473     CALL Sub16
0111   1FC0           00474     BTFSS RH, 7
0112   0008           00475     RETURN
0113   09BF           00476     COMF RL, F
0114   09C0           00477     COMF RH, F
0115   0ABF           00478     INCF RL, F
0116   1903           00479     BTFSC STATUS, Z
0117   0AC0           00480     INCF RH, F
0118   0008           00481     RETURN
                      00482 
                      00483 ;===========================================
                      00484 ; CompareWinner - compares D1(H:L) vs D2(H:L)
                      00485 ; WINNER = 0 (tie), 1 (P1 smaller delta wins),
                      00486 ; 2 (P2 smaller delta wins)
                      00487 ;===========================================
0119                  00488 CompareWinner:
0119   083A           00489     MOVF D2H, W
011A   0238           00490     SUBWF D1H, W
011B   1D03           00491     BTFSS STATUS, Z
011C   2924           00492     GOTO CW_HighDiff
011D   0839           00493     MOVF D2L, W
011E   0237           00494     SUBWF D1L, W
011F   1903           00495     BTFSC STATUS, Z
0120   2927           00496     GOTO CW_Tie
0121   1C03           00497     BTFSS STATUS, C
0122   2929           00498     GOTO CW_P1
0123   292C           00499     GOTO CW_P2
0124                  00500 CW_HighDiff:
0124   1C03           00501     BTFSS STATUS, C
0125   2929           00502     GOTO CW_P1
0126   292C           00503     GOTO CW_P2
0127                  00504 CW_Tie:
0127   01C5           00505     CLRF WINNER
0128   0008           00506     RETURN
0129                  00507 CW_P1:
0129   3001           00508     MOVLW .1
012A   00C5           00509     MOVWF WINNER
012B   0008           00510     RETURN
012C                  00511 CW_P2:
012C   3002           00512     MOVLW .2
012D   00C5           00513     MOVWF WINNER
012E   0008           00514     RETURN
                      00515 
MPASM  5.43                          MAIN.ASM   7-8-2026  4:28:52         PAGE 11


LOC  OBJECT CODE     LINE SOURCE TEXT
  VALUE

                      00516 ;===========================================
                      00517 ; Blink_P1 / Blink_P2 - 3x (0.25s on/0.25s off)
                      00518 ;===========================================
012F                  00519 Blink_P1:
012F   1283 1303      00520     BANKSEL PORTA
0131   3003           00521     MOVLW .3
0132   00A3           00522     MOVWF INDEX
0133                  00523 BlinkP1Loop:
0133   1405           00524     BSF PORTA, 0
0134   30FA           00525     MOVLW .250
0135   2305           00526     CALL Delay_ms
0136   1005           00527     BCF PORTA, 0
0137   30FA           00528     MOVLW .250
0138   2305           00529     CALL Delay_ms
0139   0BA3           00530     DECFSZ INDEX, F
013A   2933           00531     GOTO BlinkP1Loop
013B   0008           00532     RETURN
                      00533 
013C                  00534 Blink_P2:
013C   1283 1303      00535     BANKSEL PORTA
013E   3003           00536     MOVLW .3
013F   00A3           00537     MOVWF INDEX
0140                  00538 BlinkP2Loop:
0140   1485           00539     BSF PORTA, 1
0141   30FA           00540     MOVLW .250
0142   2305           00541     CALL Delay_ms
0143   1085           00542     BCF PORTA, 1
0144   30FA           00543     MOVLW .250
0145   2305           00544     CALL Delay_ms
0146   0BA3           00545     DECFSZ INDEX, F
0147   2940           00546     GOTO BlinkP2Loop
0148   0008           00547     RETURN
                      00548 
                      00549 ;===========================================
                      00550 ; Refresh_Digit - lights ONE of the 8 mux'd
                      00551 ; digits according to DIGIT_SEL (0-7):
                      00552 ;   0,4 = leading digit (always '0')
                      00553 ;   1,5 = tens of seconds
                      00554 ;   2,6 = ones of seconds (carries the DP)
                      00555 ;   3,7 = tenths of a second
                      00556 ; 0-3 = Player 1, 4-7 = Player 2
                      00557 ;===========================================
0149                  00558 Refresh_Digit:
0149   302A           00559     MOVLW P1_SEC
014A   192F           00560     BTFSC DIGIT_SEL, 2
014B   302C           00561     MOVLW P2_SEC
014C   0084           00562     MOVWF FSR
                      00563 
014D   082F           00564     MOVF DIGIT_SEL, W
014E   3903           00565     ANDLW 0x03
014F   00A3           00566     MOVWF INDEX
                      00567 
0150   13AE           00568     BCF FLAGS, 7            ; DP off by default
MPASM  5.43                          MAIN.ASM   7-8-2026  4:28:52         PAGE 12


LOC  OBJECT CODE     LINE SOURCE TEXT
  VALUE

                      00569 
0151   0823           00570     MOVF INDEX, W
0152   3A00           00571     XORLW 0x00
0153   1903           00572     BTFSC STATUS, Z
0154   295E           00573     GOTO RD_Pos0
0155   0823           00574     MOVF INDEX, W
0156   3A01           00575     XORLW 0x01
0157   1903           00576     BTFSC STATUS, Z
0158   2960           00577     GOTO RD_Pos1
0159   0823           00578     MOVF INDEX, W
015A   3A02           00579     XORLW 0x02
015B   1903           00580     BTFSC STATUS, Z
015C   2964           00581     GOTO RD_Pos2
015D   2969           00582     GOTO RD_Pos3
                      00583 
015E                  00584 RD_Pos0:
015E   01A4           00585     CLRF TEMP
015F   296C           00586     GOTO RD_GotValue
0160                  00587 RD_Pos1:
0160   0800           00588     MOVF INDF, W
0161   217C           00589     CALL Div10
0162   00A4           00590     MOVWF TEMP
0163   296C           00591     GOTO RD_GotValue
0164                  00592 RD_Pos2:
0164   0800           00593     MOVF INDF, W
0165   2187           00594     CALL Mod10
0166   00A4           00595     MOVWF TEMP
0167   17AE           00596     BSF FLAGS, 7
0168   296C           00597     GOTO RD_GotValue
0169                  00598 RD_Pos3:
0169   0A84           00599     INCF FSR, F              ; SEC -> TENTH (contiguous in CBLOCK)
016A   0800           00600     MOVF INDF, W
016B   00A4           00601     MOVWF TEMP
016C                  00602 RD_GotValue:
                      00603 
016C   0824           00604     MOVF TEMP, W
016D   2190           00605     CALL SegTable            ; W = active-HIGH 7-seg pattern for digit
016E   1BAE           00606     BTFSC FLAGS, 7
016F   3880           00607     IORLW 0x80               ; set DP bit if this is the "ones" digit
0170   3AFF           00608     XORLW 0xFF                ; invert -> active-LOW (common-anode hardware)
0171   00C4           00609     MOVWF SEGTEMP
                      00610 
0172   1283 1303      00611     BANKSEL PORTE
0174   082F           00612     MOVF DIGIT_SEL, W
0175   3907           00613     ANDLW 0x07
0176   0089           00614     MOVWF PORTE               ; drive 74LS138 address (selects the digit)
                      00615 
0177   1283 1303      00616     BANKSEL PORTC
0179   0844           00617     MOVF SEGTEMP, W
017A   0087           00618     MOVWF PORTC               ; drive segments a-g + DP
                      00619 
017B   0008           00620     RETURN
                      00621 
MPASM  5.43                          MAIN.ASM   7-8-2026  4:28:52         PAGE 13


LOC  OBJECT CODE     LINE SOURCE TEXT
  VALUE

                      00622 ;===========================================
                      00623 ; Div10 / Mod10 - input W (0-60), output W
                      00624 ;===========================================
017C                  00625 Div10:
017C   00C1           00626     MOVWF MTEMPL
017D   01C3           00627     CLRF MULTMP
017E                  00628 Div10Loop:
017E   300A           00629     MOVLW .10
017F   0241           00630     SUBWF MTEMPL, W
0180   1C03           00631     BTFSS STATUS, C
0181   2985           00632     GOTO Div10Done
0182   00C1           00633     MOVWF MTEMPL
0183   0AC3           00634     INCF MULTMP, F
0184   297E           00635     GOTO Div10Loop
0185                  00636 Div10Done:
0185   0843           00637     MOVF MULTMP, W
0186   0008           00638     RETURN
                      00639 
0187                  00640 Mod10:
0187   00C1           00641     MOVWF MTEMPL
0188                  00642 Mod10Loop:
0188   300A           00643     MOVLW .10
0189   0241           00644     SUBWF MTEMPL, W
018A   1C03           00645     BTFSS STATUS, C
018B   298E           00646     GOTO Mod10Done
018C   00C1           00647     MOVWF MTEMPL
018D   2988           00648     GOTO Mod10Loop
018E                  00649 Mod10Done:
018E   0841           00650     MOVF MTEMPL, W
018F   0008           00651     RETURN
                      00652 
                      00653 ;===========================================
                      00654 ; SegTable - input W = digit 0-9,
                      00655 ; output W = active-HIGH 7-seg pattern
                      00656 ; (bit0=a,bit1=b,...bit6=g ; bit7 reserved for DP)
                      00657 ;===========================================
0190                  00658 SegTable:
0190   00C3           00659     MOVWF MULTMP
0191   0843           00660     MOVF MULTMP, W
0192   3A00           00661     XORLW .0
0193   1903           00662     BTFSC STATUS, Z
0194   343F           00663     RETLW 0x3F
0195   0843           00664     MOVF MULTMP, W
0196   3A01           00665     XORLW .1
0197   1903           00666     BTFSC STATUS, Z
0198   3406           00667     RETLW 0x06
0199   0843           00668     MOVF MULTMP, W
019A   3A02           00669     XORLW .2
019B   1903           00670     BTFSC STATUS, Z
019C   345B           00671     RETLW 0x5B
019D   0843           00672     MOVF MULTMP, W
019E   3A03           00673     XORLW .3
019F   1903           00674     BTFSC STATUS, Z
MPASM  5.43                          MAIN.ASM   7-8-2026  4:28:52         PAGE 14


LOC  OBJECT CODE     LINE SOURCE TEXT
  VALUE

01A0   344F           00675     RETLW 0x4F
01A1   0843           00676     MOVF MULTMP, W
01A2   3A04           00677     XORLW .4
01A3   1903           00678     BTFSC STATUS, Z
01A4   3466           00679     RETLW 0x66
01A5   0843           00680     MOVF MULTMP, W
01A6   3A05           00681     XORLW .5
01A7   1903           00682     BTFSC STATUS, Z
01A8   346D           00683     RETLW 0x6D
01A9   0843           00684     MOVF MULTMP, W
01AA   3A06           00685     XORLW .6
01AB   1903           00686     BTFSC STATUS, Z
01AC   347D           00687     RETLW 0x7D
01AD   0843           00688     MOVF MULTMP, W
01AE   3A07           00689     XORLW .7
01AF   1903           00690     BTFSC STATUS, Z
01B0   3407           00691     RETLW 0x07
01B1   0843           00692     MOVF MULTMP, W
01B2   3A08           00693     XORLW .8
01B3   1903           00694     BTFSC STATUS, Z
01B4   347F           00695     RETLW 0x7F
01B5   346F           00696     RETLW 0x6F              ; 9 (default)
                      00697 
                      00698 ;===========================================
                      00699 ; Display_Target - splits RANDNUM into tens/ones
                      00700 ; digits and prints "Target: XX sec" on line 1
                      00701 ;===========================================
01B6                  00702 Display_Target:
01B6   0825           00703     MOVF RANDNUM, W
01B7   00A7           00704     MOVWF ONES
01B8   01A6           00705     CLRF TENS
01B9                  00706 DivLoop:
01B9   300A           00707     MOVLW .10
01BA   0227           00708     SUBWF ONES, W
01BB   1C03           00709     BTFSS STATUS, C
01BC   29C0           00710     GOTO DivDone
01BD   00A7           00711     MOVWF ONES
01BE   0AA6           00712     INCF TENS, F
01BF   29B9           00713     GOTO DivLoop
01C0                  00714 DivDone:
                      00715 
01C0   3080           00716     MOVLW 0x80
01C1   22B1           00717     CALL Send_Command
01C2   225F           00718     CALL Print_TargetLabel   ; "Target: "
                      00719 
01C3   0826           00720     MOVF TENS, W
01C4   3E30           00721     ADDLW 0x30
01C5   22D8           00722     CALL Send_Data
01C6   0827           00723     MOVF ONES, W
01C7   3E30           00724     ADDLW 0x30
01C8   22D8           00725     CALL Send_Data
                      00726 
01C9   2270           00727     CALL Print_Sec           ; " sec    "
MPASM  5.43                          MAIN.ASM   7-8-2026  4:28:52         PAGE 15


LOC  OBJECT CODE     LINE SOURCE TEXT
  VALUE

01CA   0008           00728     RETURN
                      00729 
                      00730 ;===========================================
                      00731 ; Display_Score - LCD line 2: "P1:x P2:y"
                      00732 ;===========================================
01CB                  00733 Display_Score:
01CB   30C0           00734     MOVLW 0xC0
01CC   22B1           00735     CALL Send_Command
01CD   3050           00736     MOVLW 0x50          ; 'P'
01CE   22D8           00737     CALL Send_Data
01CF   3031           00738     MOVLW 0x31          ; '1'
01D0   22D8           00739     CALL Send_Data
01D1   303A           00740     MOVLW 0x3A          ; ':'
01D2   22D8           00741     CALL Send_Data
01D3   0828           00742     MOVF SCORE1, W
01D4   3E30           00743     ADDLW 0x30
01D5   22D8           00744     CALL Send_Data
01D6   3020           00745     MOVLW 0x20          ; ' '
01D7   22D8           00746     CALL Send_Data
01D8   3050           00747     MOVLW 0x50          ; 'P'
01D9   22D8           00748     CALL Send_Data
01DA   3032           00749     MOVLW 0x32          ; '2'
01DB   22D8           00750     CALL Send_Data
01DC   303A           00751     MOVLW 0x3A          ; ':'
01DD   22D8           00752     CALL Send_Data
01DE   0829           00753     MOVF SCORE2, W
01DF   3E30           00754     ADDLW 0x30
01E0   22D8           00755     CALL Send_Data
01E1   3020           00756     MOVLW 0x20          ; ' '
01E2   22D8           00757     CALL Send_Data
01E3   3020           00758     MOVLW 0x20          ; ' '
01E4   22D8           00759     CALL Send_Data
01E5   3020           00760     MOVLW 0x20          ; ' '
01E6   22D8           00761     CALL Send_Data
01E7   3020           00762     MOVLW 0x20          ; ' '
01E8   22D8           00763     CALL Send_Data
01E9   3020           00764     MOVLW 0x20          ; ' '
01EA   22D8           00765     CALL Send_Data
01EB   0008           00766     RETURN
                      00767 
                      00768 ;===========================================
                      00769 ; Print_Ready - shown at startup / after a game
                      00770 ;===========================================
01EC                  00771 Print_Ready:
01EC   3080           00772     MOVLW 0x80
01ED   22B1           00773     CALL Send_Command
01EE   3050           00774     MOVLW 0x50          ; 'P'
01EF   22D8           00775     CALL Send_Data
01F0   3072           00776     MOVLW 0x72          ; 'r'
01F1   22D8           00777     CALL Send_Data
01F2   3065           00778     MOVLW 0x65          ; 'e'
01F3   22D8           00779     CALL Send_Data
01F4   3073           00780     MOVLW 0x73          ; 's'
MPASM  5.43                          MAIN.ASM   7-8-2026  4:28:52         PAGE 16


LOC  OBJECT CODE     LINE SOURCE TEXT
  VALUE

01F5   22D8           00781     CALL Send_Data
01F6   3073           00782     MOVLW 0x73          ; 's'
01F7   22D8           00783     CALL Send_Data
01F8   3020           00784     MOVLW 0x20          ; ' '
01F9   22D8           00785     CALL Send_Data
01FA   304D           00786     MOVLW 0x4D          ; 'M'
01FB   22D8           00787     CALL Send_Data
01FC   3061           00788     MOVLW 0x61          ; 'a'
01FD   22D8           00789     CALL Send_Data
01FE   3073           00790     MOVLW 0x73          ; 's'
01FF   22D8           00791     CALL Send_Data
0200   3074           00792     MOVLW 0x74          ; 't'
0201   22D8           00793     CALL Send_Data
0202   3065           00794     MOVLW 0x65          ; 'e'
0203   22D8           00795     CALL Send_Data
0204   3072           00796     MOVLW 0x72          ; 'r'
0205   22D8           00797     CALL Send_Data
                      00798 
0206   30C0           00799     MOVLW 0xC0
0207   22B1           00800     CALL Send_Command
0208   3074           00801     MOVLW 0x74          ; 't'
0209   22D8           00802     CALL Send_Data
020A   306F           00803     MOVLW 0x6F          ; 'o'
020B   22D8           00804     CALL Send_Data
020C   3020           00805     MOVLW 0x20          ; ' '
020D   22D8           00806     CALL Send_Data
020E   3053           00807     MOVLW 0x53          ; 'S'
020F   22D8           00808     CALL Send_Data
0210   3074           00809     MOVLW 0x74          ; 't'
0211   22D8           00810     CALL Send_Data
0212   3061           00811     MOVLW 0x61          ; 'a'
0213   22D8           00812     CALL Send_Data
0214   3072           00813     MOVLW 0x72          ; 'r'
0215   22D8           00814     CALL Send_Data
0216   3074           00815     MOVLW 0x74          ; 't'
0217   22D8           00816     CALL Send_Data
0218   0008           00817     RETURN
                      00818 
                      00819 ;===========================================
                      00820 ; Print_Winner_P1 / Print_Winner_P2
                      00821 ;===========================================
0219                  00822 Print_Winner_P1:
0219   3001           00823     MOVLW 0x01          ; clear display
021A   22B1           00824     CALL Send_Command
021B   3002           00825     MOVLW .2
021C   2305           00826     CALL Delay_ms
021D   3080           00827     MOVLW 0x80
021E   22B1           00828     CALL Send_Command
021F   3050           00829     MOVLW 0x50          ; 'P'
0220   22D8           00830     CALL Send_Data
0221   306C           00831     MOVLW 0x6C          ; 'l'
0222   22D8           00832     CALL Send_Data
0223   3061           00833     MOVLW 0x61          ; 'a'
MPASM  5.43                          MAIN.ASM   7-8-2026  4:28:52         PAGE 17


LOC  OBJECT CODE     LINE SOURCE TEXT
  VALUE

0224   22D8           00834     CALL Send_Data
0225   3079           00835     MOVLW 0x79          ; 'y'
0226   22D8           00836     CALL Send_Data
0227   3065           00837     MOVLW 0x65          ; 'e'
0228   22D8           00838     CALL Send_Data
0229   3072           00839     MOVLW 0x72          ; 'r'
022A   22D8           00840     CALL Send_Data
022B   3020           00841     MOVLW 0x20          ; ' '
022C   22D8           00842     CALL Send_Data
022D   3031           00843     MOVLW 0x31          ; '1'
022E   22D8           00844     CALL Send_Data
022F   30C0           00845     MOVLW 0xC0
0230   22B1           00846     CALL Send_Command
0231   3057           00847     MOVLW 0x57          ; 'W'
0232   22D8           00848     CALL Send_Data
0233   3069           00849     MOVLW 0x69          ; 'i'
0234   22D8           00850     CALL Send_Data
0235   306E           00851     MOVLW 0x6E          ; 'n'
0236   22D8           00852     CALL Send_Data
0237   3073           00853     MOVLW 0x73          ; 's'
0238   22D8           00854     CALL Send_Data
0239   3021           00855     MOVLW 0x21          ; '!'
023A   22D8           00856     CALL Send_Data
023B   0008           00857     RETURN
                      00858 
023C                  00859 Print_Winner_P2:
023C   3001           00860     MOVLW 0x01          ; clear display
023D   22B1           00861     CALL Send_Command
023E   3002           00862     MOVLW .2
023F   2305           00863     CALL Delay_ms
0240   3080           00864     MOVLW 0x80
0241   22B1           00865     CALL Send_Command
0242   3050           00866     MOVLW 0x50          ; 'P'
0243   22D8           00867     CALL Send_Data
0244   306C           00868     MOVLW 0x6C          ; 'l'
0245   22D8           00869     CALL Send_Data
0246   3061           00870     MOVLW 0x61          ; 'a'
0247   22D8           00871     CALL Send_Data
0248   3079           00872     MOVLW 0x79          ; 'y'
0249   22D8           00873     CALL Send_Data
024A   3065           00874     MOVLW 0x65          ; 'e'
024B   22D8           00875     CALL Send_Data
024C   3072           00876     MOVLW 0x72          ; 'r'
024D   22D8           00877     CALL Send_Data
024E   3020           00878     MOVLW 0x20          ; ' '
024F   22D8           00879     CALL Send_Data
0250   3032           00880     MOVLW 0x32          ; '2'
0251   22D8           00881     CALL Send_Data
0252   30C0           00882     MOVLW 0xC0
0253   22B1           00883     CALL Send_Command
0254   3057           00884     MOVLW 0x57          ; 'W'
0255   22D8           00885     CALL Send_Data
0256   3069           00886     MOVLW 0x69          ; 'i'
MPASM  5.43                          MAIN.ASM   7-8-2026  4:28:52         PAGE 18


LOC  OBJECT CODE     LINE SOURCE TEXT
  VALUE

0257   22D8           00887     CALL Send_Data
0258   306E           00888     MOVLW 0x6E          ; 'n'
0259   22D8           00889     CALL Send_Data
025A   3073           00890     MOVLW 0x73          ; 's'
025B   22D8           00891     CALL Send_Data
025C   3021           00892     MOVLW 0x21          ; '!'
025D   22D8           00893     CALL Send_Data
025E   0008           00894     RETURN
                      00895 
                      00896 ;===========================================
                      00897 ; Print_TargetLabel - prints "Target: "
                      00898 ;===========================================
025F                  00899 Print_TargetLabel:
025F   3054           00900     MOVLW 0x54          ; 'T'
0260   22D8           00901     CALL Send_Data
0261   3061           00902     MOVLW 0x61          ; 'a'
0262   22D8           00903     CALL Send_Data
0263   3072           00904     MOVLW 0x72          ; 'r'
0264   22D8           00905     CALL Send_Data
0265   3067           00906     MOVLW 0x67          ; 'g'
0266   22D8           00907     CALL Send_Data
0267   3065           00908     MOVLW 0x65          ; 'e'
0268   22D8           00909     CALL Send_Data
0269   3074           00910     MOVLW 0x74          ; 't'
026A   22D8           00911     CALL Send_Data
026B   303A           00912     MOVLW 0x3A          ; ':'
026C   22D8           00913     CALL Send_Data
026D   3020           00914     MOVLW 0x20          ; ' '
026E   22D8           00915     CALL Send_Data
026F   0008           00916     RETURN
                      00917 
                      00918 ;===========================================
                      00919 ; Print_Sec - prints " sec   "
                      00920 ;===========================================
0270                  00921 Print_Sec:
0270   3020           00922     MOVLW 0x20          ; ' '
0271   22D8           00923     CALL Send_Data
0272   3073           00924     MOVLW 0x73          ; 's'
0273   22D8           00925     CALL Send_Data
0274   3065           00926     MOVLW 0x65          ; 'e'
0275   22D8           00927     CALL Send_Data
0276   3063           00928     MOVLW 0x63          ; 'c'
0277   22D8           00929     CALL Send_Data
0278   3020           00930     MOVLW 0x20          ; ' '
0279   22D8           00931     CALL Send_Data
027A   3020           00932     MOVLW 0x20          ; ' '
027B   22D8           00933     CALL Send_Data
027C   3020           00934     MOVLW 0x20          ; ' '
027D   22D8           00935     CALL Send_Data
027E   0008           00936     RETURN
                      00937 
                      00938 ;===========================================
                      00939 ; LCD_Init - Initialize LCD in 4-bit mode
MPASM  5.43                          MAIN.ASM   7-8-2026  4:28:52         PAGE 19


LOC  OBJECT CODE     LINE SOURCE TEXT
  VALUE

                      00940 ;===========================================
027F                  00941 LCD_Init:
027F   300F           00942     MOVLW .15
0280   2305           00943     CALL Delay_ms
                      00944 
0281   3030           00945     MOVLW 0x30
0282   229C           00946     CALL Send_Nibble
0283   3005           00947     MOVLW .5
0284   2305           00948     CALL Delay_ms
                      00949 
0285   3030           00950     MOVLW 0x30
0286   229C           00951     CALL Send_Nibble
0287   3001           00952     MOVLW .1
0288   22FF           00953     CALL Delay_100us
                      00954 
0289   3030           00955     MOVLW 0x30
028A   229C           00956     CALL Send_Nibble
028B   3001           00957     MOVLW .1
028C   22FF           00958     CALL Delay_100us
                      00959 
028D   3020           00960     MOVLW 0x20
028E   229C           00961     CALL Send_Nibble
028F   3001           00962     MOVLW .1
0290   22FF           00963     CALL Delay_100us
                      00964 
0291   3028           00965     MOVLW 0x28        ; 4-bit, 2 lines
0292   22B1           00966     CALL Send_Command
                      00967 
0293   300C           00968     MOVLW 0x0C        ; Display on, cursor off
0294   22B1           00969     CALL Send_Command
                      00970 
0295   3001           00971     MOVLW 0x01        ; Clear display
0296   22B1           00972     CALL Send_Command
0297   3002           00973     MOVLW .2
0298   2305           00974     CALL Delay_ms
                      00975 
0299   3006           00976     MOVLW 0x06        ; Entry mode
029A   22B1           00977     CALL Send_Command
                      00978 
029B   0008           00979     RETURN
                      00980 
                      00981 ;===========================================
                      00982 ; Send_Nibble - Sends ONLY the upper nibble of W
                      00983 ;===========================================
029C                  00984 Send_Nibble:
029C   1283 1303      00985     BANKSEL PORTD
029E   00A4           00986     MOVWF TEMP
029F   1008           00987     BCF PORTD, 0
                      00988 
02A0   1108           00989     BCF PORTD, 2
02A1   1A24           00990     BTFSC TEMP, 4
02A2   1508           00991     BSF PORTD, 2
02A3   1188           00992     BCF PORTD, 3
MPASM  5.43                          MAIN.ASM   7-8-2026  4:28:52         PAGE 20


LOC  OBJECT CODE     LINE SOURCE TEXT
  VALUE

02A4   1AA4           00993     BTFSC TEMP, 5
02A5   1588           00994     BSF PORTD, 3
02A6   1208           00995     BCF PORTD, 4
02A7   1B24           00996     BTFSC TEMP, 6
02A8   1608           00997     BSF PORTD, 4
02A9   1288           00998     BCF PORTD, 5
02AA   1BA4           00999     BTFSC TEMP, 7
02AB   1688           01000     BSF PORTD, 5
                      01001 
02AC   1488           01002     BSF PORTD, 1
02AD   0000           01003     NOP
02AE   0000           01004     NOP
02AF   1088           01005     BCF PORTD, 1
02B0   0008           01006     RETURN
                      01007 
                      01008 ;===========================================
                      01009 ; Send_Command - Send command to LCD (RS = 0)
                      01010 ;===========================================
02B1                  01011 Send_Command:
02B1   1283 1303      01012     BANKSEL PORTD
02B3   00A4           01013     MOVWF TEMP
02B4   1008           01014     BCF PORTD, 0
                      01015 
02B5   1108           01016     BCF PORTD, 2
02B6   1A24           01017     BTFSC TEMP, 4
02B7   1508           01018     BSF PORTD, 2
02B8   1188           01019     BCF PORTD, 3
02B9   1AA4           01020     BTFSC TEMP, 5
02BA   1588           01021     BSF PORTD, 3
02BB   1208           01022     BCF PORTD, 4
02BC   1B24           01023     BTFSC TEMP, 6
02BD   1608           01024     BSF PORTD, 4
02BE   1288           01025     BCF PORTD, 5
02BF   1BA4           01026     BTFSC TEMP, 7
02C0   1688           01027     BSF PORTD, 5
                      01028 
02C1   1488           01029     BSF PORTD, 1
02C2   0000           01030     NOP
02C3   0000           01031     NOP
02C4   1088           01032     BCF PORTD, 1
                      01033 
02C5   1108           01034     BCF PORTD, 2
02C6   1824           01035     BTFSC TEMP, 0
02C7   1508           01036     BSF PORTD, 2
02C8   1188           01037     BCF PORTD, 3
02C9   18A4           01038     BTFSC TEMP, 1
02CA   1588           01039     BSF PORTD, 3
02CB   1208           01040     BCF PORTD, 4
02CC   1924           01041     BTFSC TEMP, 2
02CD   1608           01042     BSF PORTD, 4
02CE   1288           01043     BCF PORTD, 5
02CF   19A4           01044     BTFSC TEMP, 3
02D0   1688           01045     BSF PORTD, 5
MPASM  5.43                          MAIN.ASM   7-8-2026  4:28:52         PAGE 21


LOC  OBJECT CODE     LINE SOURCE TEXT
  VALUE

                      01046 
02D1   1488           01047     BSF PORTD, 1
02D2   0000           01048     NOP
02D3   0000           01049     NOP
02D4   1088           01050     BCF PORTD, 1
                      01051 
02D5   3002           01052     MOVLW .2
02D6   22FF           01053     CALL Delay_100us
02D7   0008           01054     RETURN
                      01055 
                      01056 ;===========================================
                      01057 ; Send_Data - Send data to LCD (RS = 1)
                      01058 ;===========================================
02D8                  01059 Send_Data:
02D8   1283 1303      01060     BANKSEL PORTD
02DA   00A4           01061     MOVWF TEMP
02DB   1408           01062     BSF PORTD, 0
                      01063 
02DC   1108           01064     BCF PORTD, 2
02DD   1A24           01065     BTFSC TEMP, 4
02DE   1508           01066     BSF PORTD, 2
02DF   1188           01067     BCF PORTD, 3
02E0   1AA4           01068     BTFSC TEMP, 5
02E1   1588           01069     BSF PORTD, 3
02E2   1208           01070     BCF PORTD, 4
02E3   1B24           01071     BTFSC TEMP, 6
02E4   1608           01072     BSF PORTD, 4
02E5   1288           01073     BCF PORTD, 5
02E6   1BA4           01074     BTFSC TEMP, 7
02E7   1688           01075     BSF PORTD, 5
                      01076 
02E8   1488           01077     BSF PORTD, 1
02E9   0000           01078     NOP
02EA   0000           01079     NOP
02EB   1088           01080     BCF PORTD, 1
                      01081 
02EC   1108           01082     BCF PORTD, 2
02ED   1824           01083     BTFSC TEMP, 0
02EE   1508           01084     BSF PORTD, 2
02EF   1188           01085     BCF PORTD, 3
02F0   18A4           01086     BTFSC TEMP, 1
02F1   1588           01087     BSF PORTD, 3
02F2   1208           01088     BCF PORTD, 4
02F3   1924           01089     BTFSC TEMP, 2
02F4   1608           01090     BSF PORTD, 4
02F5   1288           01091     BCF PORTD, 5
02F6   19A4           01092     BTFSC TEMP, 3
02F7   1688           01093     BSF PORTD, 5
                      01094 
02F8   1488           01095     BSF PORTD, 1
02F9   0000           01096     NOP
02FA   0000           01097     NOP
02FB   1088           01098     BCF PORTD, 1
MPASM  5.43                          MAIN.ASM   7-8-2026  4:28:52         PAGE 22


LOC  OBJECT CODE     LINE SOURCE TEXT
  VALUE

                      01099 
02FC   3002           01100     MOVLW .2
02FD   22FF           01101     CALL Delay_100us
02FE   0008           01102     RETURN
                      01103 
                      01104 ;===========================================
                      01105 ; Delay_100us - 100us delay (4MHz)
                      01106 ;===========================================
02FF                  01107 Delay_100us:
02FF   3032           01108     MOVLW .50
0300   00A0           01109     MOVWF DELAY1
0301                  01110 D100:
0301   0000           01111     NOP
0302   0BA0           01112     DECFSZ DELAY1, F
0303   2B01           01113     GOTO D100
0304   0008           01114     RETURN
                      01115 
                      01116 ;===========================================
                      01117 ; Delay_ms - Millisecond delay
                      01118 ;===========================================
0305                  01119 Delay_ms:
0305   00A2           01120     MOVWF DELAY3
0306                  01121 DMS1:
0306   30FA           01122     MOVLW .250
0307   00A1           01123     MOVWF DELAY2
0308                  01124 DMS2:
0308   0000           01125     NOP
0309   0BA1           01126     DECFSZ DELAY2, F
030A   2B08           01127     GOTO DMS2
030B   0BA2           01128     DECFSZ DELAY3, F
030C   2B06           01129     GOTO DMS1
030D   0008           01130     RETURN
                      01131 
                      01132     END
MPASM  5.43                          MAIN.ASM   7-8-2026  4:28:52         PAGE 23


SYMBOL TABLE
  LABEL                             VALUE 

ACKDT                             00000005
ACKEN                             00000004
ACKSTAT                           00000006
ADCON0                            0000001F
ADCON1                            0000009F
ADCS0                             00000006
ADCS1                             00000007
ADDEN                             00000003
ADFM                              00000007
ADIE                              00000006
ADIF                              00000006
ADON                              00000000
ADRESH                            0000001E
ADRESL                            0000009E
AH                                0000003C
AL                                0000003B
AbsDiff16                         00000110
BCLIE                             00000003
BCLIF                             00000003
BF                                00000000
BH                                0000003E
BL                                0000003D
BRGH                              00000002
BlinkP1Loop                       00000133
BlinkP2Loop                       00000140
Blink_P1                          0000012F
Blink_P2                          0000013C
C                                 00000000
C1INV                             00000004
C1OUT                             00000006
C2INV                             00000005
C2OUT                             00000007
CCP1CON                           00000017
CCP1IE                            00000002
CCP1IF                            00000002
CCP1M0                            00000000
CCP1M1                            00000001
CCP1M2                            00000002
CCP1M3                            00000003
CCP1X                             00000005
CCP1Y                             00000004
CCP2CON                           0000001D
CCP2IE                            00000000
CCP2IF                            00000000
CCP2M0                            00000000
CCP2M1                            00000001
CCP2M2                            00000002
CCP2M3                            00000003
CCP2X                             00000005
CCP2Y                             00000004
CCPR1H                            00000016
CCPR1L                            00000015
CCPR2H                            0000001C
MPASM  5.43                          MAIN.ASM   7-8-2026  4:28:52         PAGE 24


SYMBOL TABLE
  LABEL                             VALUE 

CCPR2L                            0000001B
CHS0                              00000003
CHS1                              00000004
CHS2                              00000005
CIS                               00000003
CKE                               00000006
CKP                               00000004
CM0                               00000000
CM1                               00000001
CM2                               00000002
CMCON                             0000009C
CMIE                              00000006
CMIF                              00000006
CREN                              00000004
CSRC                              00000007
CVR0                              00000000
CVR1                              00000001
CVR2                              00000002
CVR3                              00000003
CVRCON                            0000009D
CVREN                             00000007
CVROE                             00000006
CVRR                              00000005
CW_HighDiff                       00000124
CW_P1                             00000129
CW_P2                             0000012C
CW_Tie                            00000127
Calc_TargetTenths                 000000EF
CheckBothDone                     00000068
CheckP2Btn                        00000055
CompareWinner                     00000119
CountLoop                         00000045
D                                 00000005
D100                              00000301
D1H                               00000038
D1L                               00000037
D2H                               0000003A
D2L                               00000039
DATA_ADDRESS                      00000005
DC                                00000001
DELAY1                            00000020
DELAY2                            00000021
DELAY3                            00000022
DIGIT_SEL                         0000002F
DMS1                              00000306
DMS2                              00000308
D_A                               00000005
Delay_100us                       000002FF
Delay_ms                          00000305
Display_Score                     000001CB
Display_Target                    000001B6
Div10                             0000017C
Div10Done                         00000185
MPASM  5.43                          MAIN.ASM   7-8-2026  4:28:52         PAGE 25


SYMBOL TABLE
  LABEL                             VALUE 

Div10Loop                         0000017E
DivDone                           000001C0
DivLoop                           000001B9
EEADR                             0000010D
EEADRH                            0000010F
EECON1                            0000018C
EECON2                            0000018D
EEDATA                            0000010C
EEDATH                            0000010E
EEIE                              00000004
EEIF                              00000004
EEPGD                             00000007
F                                 00000001
FERR                              00000002
FLAGS                             0000002E
FSR                               00000004
GCEN                              00000007
GIE                               00000007
GO                                00000002
GO_DONE                           00000002
GameLoop                          00000028
GameOver_P1                       000000D3
GameOver_P2                       000000D5
Generate_Random                   000000E6
I2C_DATA                          00000005
I2C_READ                          00000002
I2C_START                         00000003
I2C_STOP                          00000004
IBF                               00000007
IBOV                              00000005
INDEX                             00000023
INDF                              00000000
INTCON                            0000000B
INTE                              00000004
INTEDG                            00000006
INTF                              00000001
IRP                               00000007
Increment_P1                      0000006E
Increment_P2                      0000007E
LCD_Init                          0000027F
MTEMPH                            00000042
MTEMPL                            00000041
MULTMP                            00000043
Mod10                             00000187
Mod10Done                         0000018E
Mod10Loop                         00000188
ModDone                           000000EE
ModLoop                           000000E8
Mult10                            000000F6
Mult10Loop                        000000FB
NOT_A                             00000005
NOT_ADDRESS                       00000005
NOT_BO                            00000000
MPASM  5.43                          MAIN.ASM   7-8-2026  4:28:52         PAGE 26


SYMBOL TABLE
  LABEL                             VALUE 

NOT_BOR                           00000000
NOT_DONE                          00000002
NOT_PD                            00000003
NOT_POR                           00000001
NOT_RBPU                          00000007
NOT_RC8                           00000006
NOT_T1SYNC                        00000002
NOT_TO                            00000004
NOT_TX8                           00000006
NOT_W                             00000002
NOT_WRITE                         00000002
NotP1Win                          000000C3
NotP2Win                          000000C9
OBF                               00000006
OERR                              00000001
ONES                              00000027
OPTION_REG                        00000081
P                                 00000004
P1H                               00000034
P1L                               00000033
P1_SEC                            0000002A
P1_TENTH                          0000002B
P2H                               00000036
P2L                               00000035
P2_SEC                            0000002C
P2_TENTH                          0000002D
PCFG0                             00000000
PCFG1                             00000001
PCFG2                             00000002
PCFG3                             00000003
PCL                               00000002
PCLATH                            0000000A
PCON                              0000008E
PEIE                              00000006
PEN                               00000002
PIE1                              0000008C
PIE2                              0000008D
PIR1                              0000000C
PIR2                              0000000D
PORTA                             00000005
PORTB                             00000006
PORTC                             00000007
PORTD                             00000008
PORTE                             00000009
PR2                               00000092
PS0                               00000000
PS1                               00000001
PS2                               00000002
PSA                               00000003
PSPIE                             00000007
PSPIF                             00000007
PSPMODE                           00000004
Print_Ready                       000001EC
MPASM  5.43                          MAIN.ASM   7-8-2026  4:28:52         PAGE 27


SYMBOL TABLE
  LABEL                             VALUE 

Print_Sec                         00000270
Print_TargetLabel                 0000025F
Print_Winner_P1                   00000219
Print_Winner_P2                   0000023C
R                                 00000002
RANDNUM                           00000025
RBIE                              00000003
RBIF                              00000000
RC8_9                             00000006
RC9                               00000006
RCD8                              00000000
RCEN                              00000003
RCIE                              00000005
RCIF                              00000005
RCREG                             0000001A
RCSTA                             00000018
RD                                00000000
RD_GotValue                       0000016C
RD_Pos0                           0000015E
RD_Pos1                           00000160
RD_Pos2                           00000164
RD_Pos3                           00000169
READ_WRITE                        00000002
RH                                00000040
RL                                0000003F
RP0                               00000005
RP1                               00000006
RSEN                              00000001
RX9                               00000006
RX9D                              00000000
R_W                               00000002
Refresh_Digit                     00000149
Restart                           000000D6
RoundResolve                      0000008E
S                                 00000003
SCANCOUNT                         00000030
SCORE1                            00000028
SCORE2                            00000029
SEGTEMP                           00000044
SEN                               00000000
SMP                               00000007
SPBRG                             00000099
SPEN                              00000007
SREN                              00000005
SSPADD                            00000093
SSPBUF                            00000013
SSPCON                            00000014
SSPCON2                           00000091
SSPEN                             00000005
SSPIE                             00000003
SSPIF                             00000003
SSPM0                             00000000
SSPM1                             00000001
MPASM  5.43                          MAIN.ASM   7-8-2026  4:28:52         PAGE 28


SYMBOL TABLE
  LABEL                             VALUE 

SSPM2                             00000002
SSPM3                             00000003
SSPOV                             00000006
SSPSTAT                           00000094
START                             00000001
STATUS                            00000003
SYNC                              00000004
SegTable                          00000190
Send_Command                      000002B1
Send_Data                         000002D8
Send_Nibble                       0000029C
SkipWrap                          0000004E
Sub16                             00000102
Sub16Borrow                       0000010B
T0CS                              00000005
T0IE                              00000005
T0IF                              00000002
T0SE                              00000004
T1CKPS0                           00000004
T1CKPS1                           00000005
T1CON                             00000010
T1INSYNC                          00000002
T1OSCEN                           00000003
T1SYNC                            00000002
T2CKPS0                           00000000
T2CKPS1                           00000001
T2CON                             00000012
TARGETH                           00000032
TARGETL                           00000031
TEMP                              00000024
TENS                              00000026
TMR0                              00000001
TMR0IE                            00000005
TMR0IF                            00000002
TMR1CS                            00000001
TMR1H                             0000000F
TMR1IE                            00000000
TMR1IF                            00000000
TMR1L                             0000000E
TMR1ON                            00000000
TMR2                              00000011
TMR2IE                            00000001
TMR2IF                            00000001
TMR2ON                            00000002
TOUTPS0                           00000003
TOUTPS1                           00000004
TOUTPS2                           00000005
TOUTPS3                           00000006
TRISA                             00000085
TRISB                             00000086
TRISC                             00000087
TRISD                             00000088
TRISE                             00000089
MPASM  5.43                          MAIN.ASM   7-8-2026  4:28:52         PAGE 29


SYMBOL TABLE
  LABEL                             VALUE 

TRISE0                            00000000
TRISE1                            00000001
TRISE2                            00000002
TRMT                              00000001
TX8_9                             00000006
TX9                               00000006
TX9D                              00000000
TXD8                              00000000
TXEN                              00000005
TXIE                              00000004
TXIF                              00000004
TXREG                             00000019
TXSTA                             00000098
TickTimers                        0000005C
Tick_P2                           00000065
UA                                00000001
W                                 00000000
WCOL                              00000007
WINNER                            00000045
WMP_Release                       000000E3
WMP_Wait                          000000DB
WR                                00000001
WREN                              00000002
WRERR                             00000003
WaitMasterPress                   000000DB
Z                                 00000002
_BODEN_OFF                        00003FBF
_BODEN_ON                         00003FFF
_CPD_OFF                          00003FFF
_CPD_ON                           00003EFF
_CP_ALL                           00001FFF
_CP_OFF                           00003FFF
_DEBUG_OFF                        00003FFF
_DEBUG_ON                         000037FF
_HS_OSC                           00003FFE
_LP_OSC                           00003FFC
_LVP_OFF                          00003F7F
_LVP_ON                           00003FFF
_PWRTE_OFF                        00003FFF
_PWRTE_ON                         00003FF7
_RC_OSC                           00003FFF
_WDT_OFF                          00003FFB
_WDT_ON                           00003FFF
_WRT_1FOURTH                      00003BFF
_WRT_256                          00003DFF
_WRT_HALF                         000039FF
_WRT_OFF                          00003FFF
_XT_OSC                           00003FFD
__16F877A                         00000001
__DEBUG                           1
MPASM  5.43                          MAIN.ASM   7-8-2026  4:28:52         PAGE 30


MEMORY USAGE MAP ('X' = Used,  '-' = Unused)


0000 : XXXXXXXXXXXXXXXX XXXXXXXXXXXXXXXX XXXXXXXXXXXXXXXX XXXXXXXXXXXXXXXX
0040 : XXXXXXXXXXXXXXXX XXXXXXXXXXXXXXXX XXXXXXXXXXXXXXXX XXXXXXXXXXXXXXXX
0080 : XXXXXXXXXXXXXXXX XXXXXXXXXXXXXXXX XXXXXXXXXXXXXXXX XXXXXXXXXXXXXXXX
00C0 : XXXXXXXXXXXXXXXX XXXXXXXXXXXXXXXX XXXXXXXXXXXXXXXX XXXXXXXXXXXXXXXX
0100 : XXXXXXXXXXXXXXXX XXXXXXXXXXXXXXXX XXXXXXXXXXXXXXXX XXXXXXXXXXXXXXXX
0140 : XXXXXXXXXXXXXXXX XXXXXXXXXXXXXXXX XXXXXXXXXXXXXXXX XXXXXXXXXXXXXXXX
0180 : XXXXXXXXXXXXXXXX XXXXXXXXXXXXXXXX XXXXXXXXXXXXXXXX XXXXXXXXXXXXXXXX
01C0 : XXXXXXXXXXXXXXXX XXXXXXXXXXXXXXXX XXXXXXXXXXXXXXXX XXXXXXXXXXXXXXXX
0200 : XXXXXXXXXXXXXXXX XXXXXXXXXXXXXXXX XXXXXXXXXXXXXXXX XXXXXXXXXXXXXXXX
0240 : XXXXXXXXXXXXXXXX XXXXXXXXXXXXXXXX XXXXXXXXXXXXXXXX XXXXXXXXXXXXXXXX
0280 : XXXXXXXXXXXXXXXX XXXXXXXXXXXXXXXX XXXXXXXXXXXXXXXX XXXXXXXXXXXXXXXX
02C0 : XXXXXXXXXXXXXXXX XXXXXXXXXXXXXXXX XXXXXXXXXXXXXXXX XXXXXXXXXXXXXXXX
0300 : XXXXXXXXXXXXXX-- ---------------- ---------------- ----------------
2000 : -------X-------- ---------------- ---------------- ----------------

All other memory blocks unused.

Program Memory Words Used:   782
Program Memory Words Free:  7410


Errors   :     0
Warnings :     0 reported,     0 suppressed
Messages :    12 reported,     0 suppressed

